Line 18: YES; x in [10, 10] U [20, 20]
Line 19:  NO; x in [10, 10] U [20, 20]
Line 21: YES; x in [10, 10] U [20, 20] U [30, 30]
Line 22:  NO; x in [10, 10] U [20, 20] U [30, 30]
Line 26: YES; x in [10, 10] U [20, 20] U [30, 30] U [40, 40] U [50, 50]
