Line 11: YES; x in [0, 127]
Line 14: YES; x in [128, 255]
Line 18: YES; y in [1, 2]
Line 19: YES; x in [1, 2]
