Line 14: YES; m in [0, 254]
Line 15: NO; n in [19, 19] U [20, 254]