Line 8: YES; m in [21, 21]
Line 21: Unreachable
Line 32: YES; m in [21, 21]