Line 9: YES; m in [21, 21]
Line 15: NO; n in [19, 19]
Line 22: YES; x in [24, 24]
Line 24: Unreachable