Line 14: YES; x in [89, 89] U [91, 91] U [93, 93] U [95, 95] U [97, 97] U [99, 99] U [101, 101] U [103, 103] U [105, 105] U [107, 107] U [109, 109] U [111, 111]
Line 15:  NO; x in [89, 89] U [91, 91] U [93, 93] U [95, 95] U [97, 97] U [99, 99] U [101, 101] U [103, 103] U [105, 105] U [107, 107] U [109, 109] U [111, 111]
Line 16:  NO; x in [89, 89] U [91, 91] U [93, 93] U [95, 95] U [97, 97] U [99, 99] U [101, 101] U [103, 103] U [105, 105] U [107, 107] U [109, 109] U [111, 111]
