Line 12:  NO; fib0 in [0, 2]
Line 13:  NO; fib1 in [0, 2]
Line 14: YES; fib0 in [0, 2]
Line 15: YES; fib1 in [0, 2]
Line 24: YES; fib1 in [0, 0] U [5, 5] U [8, 8] U [10, 10] U [13, 13] U [16, 16] U [18, 18] U [21, 21] U [26, 26]
