Line 6:  NO; y in [1, 255]
Line 14: YES; y in [0, 0]
