Line 7:  NO; x in [2, 10]
Line 10: YES; y in [45, 45]
