Line 11: YES; x in [64, 64]
Line 12:  NO; x in [64, 64]
Line 13: YES; x in [64, 64]
