Line 7: YES; x in [0, 255]
Line 8: YES; y in [0, 255]
Line 13: YES; x in [100, 255]
Line 14: YES; y in [0, 155]
Line 19: YES; x in [200, 255]
Line 20: YES; y in [0, 55]
Line 25: YES; x in [255, 255]
Line 26: YES; y in [0, 0]
