Line 14: YES; i in [0, 0]
Line 15: YES; a in [50, 50]
Line 16: YES; b in [100, 100]
Line 17: YES; b in [100, 100]
Line 18: YES; c in [0, 0]
Line 19:  NO; c in [0, 0]
